// Jest Snapshot v1, https://goo.gl/fbAQLP

exports[` 1`] = `"[]"`;

exports[` 2`] = `undefined`;
