// Jest Snapshot v1, https://goo.gl/fbAQLP

exports[`Text shape Creates a shape: text 1`] = `
Object {
  "childIndex": 1,
  "id": "text",
  "name": "Text",
  "parentId": "page",
  "point": Array [
    0,
    0,
  ],
  "rotation": 0,
  "style": Object {
    "color": "Black",
    "dash": "Draw",
    "isFilled": false,
    "size": "Small",
  },
  "text": " ",
  "type": "text",
}
`;
