// Jest Snapshot v1, https://goo.gl/fbAQLP

exports[`Rectangle shape Creates a shape: rectangle 1`] = `
Object {
  "childIndex": 1,
  "id": "rectangle",
  "name": "Rectangle",
  "parentId": "page",
  "point": Array [
    0,
    0,
  ],
  "rotation": 0,
  "size": Array [
    1,
    1,
  ],
  "style": Object {
    "color": "Black",
    "dash": "Draw",
    "isFilled": false,
    "size": "Small",
  },
  "type": "rectangle",
}
`;
